
There are no discarded input sections

Memory Configuration

Name             Origin             Length             Attributes
FLASH            0x08000000         0x00004000         xr
SRAM             0x20000000         0x00020000         xrw
*default*        0x00000000         0xffffffff

Linker script and memory map

LOAD C:\Users\20102\AppData\Local\Temp\cc0WFJCt.o
LOAD C:\Users\20102\AppData\Local\Temp\cc0We0Yf.o
LOAD C:\Users\20102\AppData\Local\Temp\ccO2TML3.o
LOAD C:\Users\20102\AppData\Local\Temp\ccw3TsnW.o

.isr_vector     0x08000000      0x1c4
 *(.isr_vector)
 .isr_vector    0x08000000      0x1c4 C:\Users\20102\AppData\Local\Temp\ccO2TML3.o
                0x08000000                Vectors

.text           0x080001c4      0x910
                0x080001c4                        . = ALIGN (0x4)
                0x080001c4                        _stext = .
 *(.MAIN_TEXT)
 .MAIN_TEXT     0x080001c4       0x88 C:\Users\20102\AppData\Local\Temp\ccw3TsnW.o
                0x080001c4                main
 *(.text)
 .text          0x0800024c      0x47c C:\Users\20102\AppData\Local\Temp\cc0WFJCt.o
                0x0800024c                GPIO_u8PinInit
                0x080004cc                GPIO_u8SetPinVal
                0x08000540                GPIO_u8TogglePinVal
                0x08000594                GPIO_u8ReadPinVal
                0x080005f0                GPIO_u8LckPin
                0x08000680                GPIO_u8LckPort
 .text          0x080006c8      0x3b4 C:\Users\20102\AppData\Local\Temp\cc0We0Yf.o
                0x080006c8                RCC_u8SetPllConfig
                0x08000750                RCC_u8SetClkSrc
                0x080007f4                RCC_SetClk_STATUS
                0x080008c4                RCC_AHB1_EN_CLK
                0x080008f0                RCC_AHB2_EN_CLK
                0x0800091c                RCC_AHB3_EN_CLK
                0x08000948                RCC_APB1_EN_CLK
                0x08000974                RCC_APB2_EN_CLK
                0x080009a0                RCC_AHB1_DIS_CLK
                0x080009cc                RCC_AHB2_DIS_CLK
                0x080009f8                RCC_AHB3_DIS_CLK
                0x08000a24                RCC_APB1_DIS_CLK
                0x08000a50                RCC_APB2_DIS_CLK
 .text          0x08000a7c        0x6 C:\Users\20102\AppData\Local\Temp\ccO2TML3.o
                0x08000a7c                RTC_Alarm_IRQHandler
                0x08000a7c                EXTI2_IRQHandler
                0x08000a7c                TIM8_CC_IRQHandler
                0x08000a7c                DebugMon_Handler
                0x08000a7c                FMPI2C1_EV_IRQHandler
                0x08000a7c                SPI4_IRQHandler
                0x08000a7c                TIM1_CC_IRQHandler
                0x08000a7c                DMA2_Stream5_IRQHandler
                0x08000a7c                HardFault_Handler
                0x08000a7c                DMA1_Stream5_IRQHandler
                0x08000a7c                SysTick_Handler
                0x08000a7c                PVD_IRQHandler
                0x08000a7c                SDIO_IRQHandler
                0x08000a7c                TAMP_STAMP_IRQHandler
                0x08000a7c                PendSV_Handler
                0x08000a7c                NMI_Handler
                0x08000a7c                CAN2_RX1_IRQHandler
                0x08000a7c                EXTI3_IRQHandler
                0x08000a7c                TIM1_UP_TIM10_IRQHandler
                0x08000a7c                TIM8_UP_TIM13_IRQHandler
                0x08000a7c                I2C3_ER_IRQHandler
                0x08000a7c                EXTI0_IRQHandler
                0x08000a7c                I2C2_EV_IRQHandler
                0x08000a7c                DMA1_Stream2_IRQHandler
                0x08000a7c                CAN1_RX0_IRQHandler
                0x08000a7c                FPU_IRQHandler
                0x08000a7c                OTG_HS_WKUP_IRQHandler
                0x08000a7c                UsageFault_Handler
                0x08000a7c                CAN2_SCE_IRQHandler
                0x08000a7c                DMA2_Stream2_IRQHandler
                0x08000a7c                SPI1_IRQHandler
                0x08000a7c                TIM6_DAC_IRQHandler
                0x08000a7c                TIM1_BRK_TIM9_IRQHandler
                0x08000a7c                DCMI_IRQHandler
                0x08000a7c                CAN2_RX0_IRQHandler
                0x08000a7c                DMA2_Stream3_IRQHandler
                0x08000a7c                SAI2_IRQHandler
                0x08000a7c                USART6_IRQHandler
                0x08000a7c                TIM1_TRG_COM_TIM11_IRQHandl
                0x08000a7c                USART3_IRQHandler
                0x08000a7c                TIM8_TRG_COM_TIM14_IRQHandl
                0x08000a7c                CAN1_RX1_IRQHandler
                0x08000a7c                UART5_IRQHandler
                0x08000a7c                DMA2_Stream0_IRQHandler
                0x08000a7c                TIM4_IRQHandler
                0x08000a7c                QUADSPI_IRQHandler
                0x08000a7c                I2C1_EV_IRQHandler
                0x08000a7c                DMA1_Stream6_IRQHandler
                0x08000a7c                DMA1_Stream1_IRQHandler
                0x08000a7c                UART4_IRQHandler
                0x08000a7c                TIM3_IRQHandler
                0x08000a7c                RCC_IRQHandler
                0x08000a7c                TIM8_BRK_TIM12_IRQHandler
                0x08000a7c                Default_Handler
                0x08000a7c                CEC_IRQHandler
                0x08000a7c                EXTI15_10_IRQHandler
                0x08000a7c                ADC_IRQHandler
                0x08000a7c                DMA1_Stream7_IRQHandler
                0x08000a7c                TIM7_IRQHandler
                0x08000a7c                CAN2_TX_IRQHandler
                0x08000a7c                TIM5_IRQHandler
                0x08000a7c                DMA2_Stream7_IRQHandler
                0x08000a7c                I2C3_EV_IRQHandler
                0x08000a7c                EXTI9_5_IRQHandler
                0x08000a7c                RTC_WKUP_IRQHandler
                0x08000a7c                SPDIF_RX_IRQHandler
                0x08000a7c                SPI2_IRQHandler
                0x08000a7c                OTG_HS_EP1_IN_IRQHandler
                0x08000a7c                MemManage_Handler
                0x08000a7c                DMA1_Stream0_IRQHandler
                0x08000a7c                CAN1_TX_IRQHandler
                0x08000a7c                SVC_Handler
                0x08000a7c                FMPI2C1_ER_IRQHandler
                0x08000a7c                EXTI4_IRQHandler
                0x08000a7c                OTG_HS_EP1_OUT_IRQHandler
                0x08000a7c                WWDG_IRQHandler
                0x08000a7c                TIM2_IRQHandler
                0x08000a7c                OTG_FS_WKUP_IRQHandler
                0x08000a7c                OTG_HS_IRQHandler
                0x08000a7c                EXTI1_IRQHandler
                0x08000a7c                USART2_IRQHandler
                0x08000a7c                I2C2_ER_IRQHandler
                0x08000a7c                DMA2_Stream1_IRQHandler
                0x08000a7c                CAN1_SCE_IRQHandler
                0x08000a7c                FLASH_IRQHandler
                0x08000a7c                DMA2_Stream4_IRQHandler
                0x08000a7c                BusFault_Handler
                0x08000a7c                USART1_IRQHandler
                0x08000a7c                OTG_FS_IRQHandler
                0x08000a7c                SPI3_IRQHandler
                0x08000a7c                DMA1_Stream4_IRQHandler
                0x08000a7c                I2C1_ER_IRQHandler
                0x08000a7c                FMC_IRQHandler
                0x08000a7c                DMA2_Stream6_IRQHandler
                0x08000a7c                SAI1_IRQHandler
                0x08000a7c                DMA1_Stream3_IRQHandler
 .text          0x08000a82        0x0 C:\Users\20102\AppData\Local\Temp\ccw3TsnW.o
 *(.startup_code)
 *fill*         0x08000a82        0x2 
 .startup_code  0x08000a84       0x50 C:\Users\20102\AppData\Local\Temp\ccO2TML3.o
                0x08000a84                Reset_Handler
                0x08000ad4                        . = ALIGN (0x4)
                0x08000ad4                        _etext = .

.glue_7         0x08000ad4        0x0
 .glue_7        0x08000ad4        0x0 linker stubs

.glue_7t        0x08000ad4        0x0
 .glue_7t       0x08000ad4        0x0 linker stubs

.vfp11_veneer   0x08000ad4        0x0
 .vfp11_veneer  0x08000ad4        0x0 linker stubs

.v4_bx          0x08000ad4        0x0
 .v4_bx         0x08000ad4        0x0 linker stubs

.iplt           0x08000ad4        0x0
 .iplt          0x08000ad4        0x0 C:\Users\20102\AppData\Local\Temp\cc0WFJCt.o

.data           0x20000000       0x20 load address 0x08000ad4
                0x20000000                        . = ALIGN (0x4)
                0x20000000                        _sdata = .
 *(.data)
 .data          0x20000000       0x20 C:\Users\20102\AppData\Local\Temp\cc0WFJCt.o
 .data          0x20000020        0x0 C:\Users\20102\AppData\Local\Temp\cc0We0Yf.o
 .data          0x20000020        0x0 C:\Users\20102\AppData\Local\Temp\ccO2TML3.o
 .data          0x20000020        0x0 C:\Users\20102\AppData\Local\Temp\ccw3TsnW.o
                0x20000020                        . = ALIGN (0x4)
                0x20000020                        _edata = .

.igot.plt       0x20000020        0x0 load address 0x08000af4
 .igot.plt      0x20000020        0x0 C:\Users\20102\AppData\Local\Temp\cc0WFJCt.o

.bss            0x20000020        0x0 load address 0x08000af4
                0x20000020                        . = ALIGN (0x4)
                0x20000020                        _sbss = .
 *(.bss)
 .bss           0x20000020        0x0 C:\Users\20102\AppData\Local\Temp\cc0WFJCt.o
 .bss           0x20000020        0x0 C:\Users\20102\AppData\Local\Temp\cc0We0Yf.o
 .bss           0x20000020        0x0 C:\Users\20102\AppData\Local\Temp\ccO2TML3.o
 .bss           0x20000020        0x0 C:\Users\20102\AppData\Local\Temp\ccw3TsnW.o
                0x20000020                        . = ALIGN (0x4)
                0x20000020                        _ebss = .

.rodata         0x08000af4        0xf
 *(.rodata)
 .rodata        0x08000af4        0xf C:\Users\20102\AppData\Local\Temp\ccw3TsnW.o
OUTPUT(elf_file/final.elf elf32-littlearm)
LOAD linker stubs

.rel.dyn        0x08000b04        0x0
 .rel.iplt      0x08000b04        0x0 C:\Users\20102\AppData\Local\Temp\cc0WFJCt.o

.comment        0x00000000       0x45
 .comment       0x00000000       0x45 C:\Users\20102\AppData\Local\Temp\cc0WFJCt.o
                                 0x46 (size before relaxing)
 .comment       0x00000045       0x46 C:\Users\20102\AppData\Local\Temp\cc0We0Yf.o
 .comment       0x00000045       0x46 C:\Users\20102\AppData\Local\Temp\ccO2TML3.o
 .comment       0x00000045       0x46 C:\Users\20102\AppData\Local\Temp\ccw3TsnW.o

.ARM.attributes
                0x00000000       0x2e
 .ARM.attributes
                0x00000000       0x2e C:\Users\20102\AppData\Local\Temp\cc0WFJCt.o
 .ARM.attributes
                0x0000002e       0x2e C:\Users\20102\AppData\Local\Temp\cc0We0Yf.o
 .ARM.attributes
                0x0000005c       0x2e C:\Users\20102\AppData\Local\Temp\ccO2TML3.o
 .ARM.attributes
                0x0000008a       0x2e C:\Users\20102\AppData\Local\Temp\ccw3TsnW.o
